Flow report for spaceInvaders
Wed Jul 09 16:32:20 2025
Quartus Prime Version 18.1.0 Build 625 09/12/2018 SJ Lite Edition


---------------------
; Table of Contents ;
---------------------
  1. Legal Notice
  2. Flow Summary
  3. Flow Settings
  4. Flow Non-Default Global Settings
  5. Flow Elapsed Time
  6. Flow OS Summary
  7. Flow Log
  8. Flow Messages
  9. Flow Suppressed Messages



----------------
; Legal Notice ;
----------------
Copyright (C) 2018  Intel Corporation. All rights reserved.
Your use of Intel Corporation's design tools, logic functions 
and other software and tools, and its AMPP partner logic 
functions, and any output files from any of the foregoing 
(including device programming or simulation files), and any 
associated documentation or information are expressly subject 
to the terms and conditions of the Intel Program License 
Subscription Agreement, the Intel Quartus Prime License Agreement,
the Intel FPGA IP License Agreement, or other applicable license
agreement, including, without limitation, that your use is for
the sole purpose of programming logic devices manufactured by
Intel and sold by Intel or its authorized distributors.  Please
refer to the applicable agreement for further details.



+----------------------------------------------------------------------------------+
; Flow Summary                                                                     ;
+------------------------------------+---------------------------------------------+
; Flow Status                        ; Successful - Wed Jul 09 16:32:11 2025       ;
; Quartus Prime Version              ; 18.1.0 Build 625 09/12/2018 SJ Lite Edition ;
; Revision Name                      ; spaceInvaders                               ;
; Top-level Entity Name              ; spaceInvaders                               ;
; Family                             ; MAX 10                                      ;
; Device                             ; 10M50DAF484C7G                              ;
; Timing Models                      ; Final                                       ;
; Total logic elements               ; 1,304 / 49,760 ( 3 % )                      ;
;     Total combinational functions  ; 1,301 / 49,760 ( 3 % )                      ;
;     Dedicated logic registers      ; 133 / 49,760 ( < 1 % )                      ;
; Total registers                    ; 133                                         ;
; Total pins                         ; 19 / 360 ( 5 % )                            ;
; Total virtual pins                 ; 0                                           ;
; Total memory bits                  ; 0 / 1,677,312 ( 0 % )                       ;
; Embedded Multiplier 9-bit elements ; 0 / 288 ( 0 % )                             ;
; Total PLLs                         ; 1 / 4 ( 25 % )                              ;
; UFM blocks                         ; 0 / 1 ( 0 % )                               ;
; ADC blocks                         ; 0 / 2 ( 0 % )                               ;
+------------------------------------+---------------------------------------------+


+-----------------------------------------+
; Flow Settings                           ;
+-------------------+---------------------+
; Option            ; Setting             ;
+-------------------+---------------------+
; Start date & time ; 07/09/2025 16:30:54 ;
; Main task         ; Compilation         ;
; Revision Name     ; spaceInvaders       ;
+-------------------+---------------------+


+-------------------------------------------------------------------------------------------------------------------------------+
; Flow Non-Default Global Settings                                                                                              ;
+-------------------------------------+----------------------------------------+---------------+-------------------+------------+
; Assignment Name                     ; Value                                  ; Default Value ; Entity Name       ; Section Id ;
+-------------------------------------+----------------------------------------+---------------+-------------------+------------+
; COMPILER_SIGNATURE_ID               ; 258183317089577.175208945407360        ; --            ; --                ; --         ;
; MAX_CORE_JUNCTION_TEMP              ; 85                                     ; --            ; --                ; --         ;
; MIN_CORE_JUNCTION_TEMP              ; 0                                      ; --            ; --                ; --         ;
; MISC_FILE                           ; count_shot.bsf                         ; --            ; --                ; --         ;
; MISC_FILE                           ; count_shot_inst.vhd                    ; --            ; --                ; --         ;
; MISC_FILE                           ; count_shot.inc                         ; --            ; --                ; --         ;
; MISC_FILE                           ; count_shot.cmp                         ; --            ; --                ; --         ;
; PARTITION_COLOR                     ; -- (Not supported for targeted family) ; --            ; DE10_LITE_Default ; Top        ;
; PARTITION_COLOR                     ; -- (Not supported for targeted family) ; --            ; --                ; Top        ;
; PARTITION_COLOR                     ; -- (Not supported for targeted family) ; --            ; vga1              ; Top        ;
; PARTITION_FITTER_PRESERVATION_LEVEL ; -- (Not supported for targeted family) ; --            ; DE10_LITE_Default ; Top        ;
; PARTITION_FITTER_PRESERVATION_LEVEL ; -- (Not supported for targeted family) ; --            ; --                ; Top        ;
; PARTITION_FITTER_PRESERVATION_LEVEL ; -- (Not supported for targeted family) ; --            ; vga1              ; Top        ;
; PARTITION_NETLIST_TYPE              ; -- (Not supported for targeted family) ; --            ; DE10_LITE_Default ; Top        ;
; PARTITION_NETLIST_TYPE              ; -- (Not supported for targeted family) ; --            ; --                ; Top        ;
; PARTITION_NETLIST_TYPE              ; -- (Not supported for targeted family) ; --            ; vga1              ; Top        ;
; POWER_BOARD_THERMAL_MODEL           ; None (CONSERVATIVE)                    ; --            ; --                ; --         ;
; POWER_PRESET_COOLING_SOLUTION       ; 23 MM HEAT SINK WITH 200 LFPM AIRFLOW  ; --            ; --                ; --         ;
; PROJECT_OUTPUT_DIRECTORY            ; output_files                           ; --            ; --                ; --         ;
; VHDL_INPUT_VERSION                  ; VHDL_2008                              ; VHDL_1993     ; --                ; --         ;
; VHDL_SHOW_LMF_MAPPING_MESSAGES      ; Off                                    ; --            ; --                ; --         ;
+-------------------------------------+----------------------------------------+---------------+-------------------+------------+


+--------------------------------------------------------------------------------------------------------------------------+
; Flow Elapsed Time                                                                                                        ;
+----------------------+--------------+-------------------------+---------------------+------------------------------------+
; Module Name          ; Elapsed Time ; Average Processors Used ; Peak Virtual Memory ; Total CPU Time (on all processors) ;
+----------------------+--------------+-------------------------+---------------------+------------------------------------+
; Analysis & Synthesis ; 00:00:38     ; 1.0                     ; 4912 MB             ; 00:00:59                           ;
; Fitter               ; 00:00:29     ; 1.3                     ; 5952 MB             ; 00:00:47                           ;
; Assembler            ; 00:00:06     ; 1.0                     ; 4691 MB             ; 00:00:06                           ;
; Timing Analyzer      ; 00:00:07     ; 1.8                     ; 4886 MB             ; 00:00:09                           ;
; Total                ; 00:01:20     ; --                      ; --                  ; 00:02:01                           ;
+----------------------+--------------+-------------------------+---------------------+------------------------------------+


+------------------------------------------------------------------------------------+
; Flow OS Summary                                                                    ;
+----------------------+------------------+------------+------------+----------------+
; Module Name          ; Machine Hostname ; OS Name    ; OS Version ; Processor type ;
+----------------------+------------------+------------+------------+----------------+
; Analysis & Synthesis ; ideapad          ; Windows 10 ; 10.0       ; x86_64         ;
; Fitter               ; ideapad          ; Windows 10 ; 10.0       ; x86_64         ;
; Assembler            ; ideapad          ; Windows 10 ; 10.0       ; x86_64         ;
; Timing Analyzer      ; ideapad          ; Windows 10 ; 10.0       ; x86_64         ;
+----------------------+------------------+------------+------------+----------------+


------------
; Flow Log ;
------------
quartus_map --read_settings_files=on --write_settings_files=off spaceInvaders -c spaceInvaders
quartus_fit --read_settings_files=off --write_settings_files=off spaceInvaders -c spaceInvaders
quartus_asm --read_settings_files=off --write_settings_files=off spaceInvaders -c spaceInvaders
quartus_sta spaceInvaders -c spaceInvaders



